msync: bootstrapped mach port on wine-21ea3ff-msync.
msync: up and running.
002c:trace:loaddll:build_module Loaded L"C:\\windows\\system32\\wineboot.exe" at 0000000140000000: builtin
002c:trace:loaddll:build_module Loaded L"C:\\windows\\system32\\kernelbase.dll" at 00006FFFFFC10000: builtin
002c:trace:loaddll:build_module Loaded L"C:\\windows\\system32\\kernel32.dll" at 00006FFFFFEC0000: builtin
002c:trace:loaddll:build_module Loaded L"C:\\windows\\system32\\msvcrt.dll" at 00006FFFFFAF0000: builtin
002c:trace:loaddll:build_module Loaded L"C:\\windows\\system32\\ucrtbase.dll" at 00006FFFFF9D0000: builtin
002c:trace:loaddll:build_module Loaded L"C:\\windows\\system32\\sechost.dll" at 00006FFFFFAC0000: builtin
002c:trace:loaddll:build_module Loaded L"C:\\windows\\system32\\advapi32.dll" at 00006FFFFFBB0000: builtin
002c:trace:loaddll:build_module Loaded L"C:\\windows\\system32\\ws2_32.dll" at 00006FFFFF990000: builtin
002c:fixme:winediag:loader_init wine-sikarugir 10.0 is a testing version containing experimental patches.
002c:fixme:winediag:loader_init Please mention your exact version when filing bug reports to Sikarugir-App.
002c:err:wineboot:process_run_key Error running cmd L"C:\\windows\\system32\\winemenubuilder.exe -a -r" (2).
0034:trace:loaddll:build_module Loaded L"C:\\windows\\system32\\services.exe" at 0000000140000000: builtin
0034:trace:loaddll:build_module Loaded L"C:\\windows\\system32\\kernelbase.dll" at 00006FFFFFC10000: builtin
0034:trace:loaddll:build_module Loaded L"C:\\windows\\system32\\kernel32.dll" at 00006FFFFFEC0000: builtin
0034:trace:loaddll:build_module Loaded L"C:\\windows\\system32\\msvcrt.dll" at 00006FFFFFAF0000: builtin
0034:trace:loaddll:build_module Loaded L"C:\\windows\\system32\\ucrtbase.dll" at 00006FFFFF9D0000: builtin
0034:trace:loaddll:build_module Loaded L"C:\\windows\\system32\\sechost.dll" at 00006FFFFFAC0000: builtin
0034:trace:loaddll:build_module Loaded L"C:\\windows\\system32\\advapi32.dll" at 00006FFFFFBB0000: builtin
0034:trace:loaddll:build_module Loaded L"C:\\windows\\system32\\rpcrt4.dll" at 00006FFFFF8F0000: builtin
0034:trace:loaddll:build_module Loaded L"C:\\windows\\system32\\setupapi.dll" at 00006FFFFF860000: builtin
0034:trace:loaddll:build_module Loaded L"C:\\windows\\system32\\userenv.dll" at 00006FFFFF840000: builtin
0040:trace:loaddll:build_module Loaded L"C:\\windows\\system32\\winedevice.exe" at 0000000140000000: builtin
0040:trace:loaddll:build_module Loaded L"C:\\windows\\system32\\kernelbase.dll" at 00006FFFFFC10000: builtin
0040:trace:loaddll:build_module Loaded L"C:\\windows\\system32\\kernel32.dll" at 00006FFFFFEC0000: builtin
0040:trace:loaddll:build_module Loaded L"C:\\windows\\system32\\msvcrt.dll" at 00006FFFFFAF0000: builtin
0040:trace:loaddll:build_module Loaded L"C:\\windows\\system32\\ucrtbase.dll" at 00006FFFFF9D0000: builtin
0040:trace:loaddll:build_module Loaded L"C:\\windows\\system32\\sechost.dll" at 00006FFFFFAC0000: builtin
0040:trace:loaddll:build_module Loaded L"C:\\windows\\system32\\advapi32.dll" at 00006FFFFFBB0000: builtin
0040:trace:loaddll:build_module Loaded L"C:\\windows\\system32\\ntoskrnl.exe" at 00006FFFFF7D0000: builtin
0040:trace:loaddll:build_module Loaded L"C:\\windows\\system32\\rpcrt4.dll" at 00006FFFFF8F0000: builtin
004c:trace:loaddll:build_module Loaded L"C:\\windows\\system32\\drivers\\mountmgr.sys" at 00006FFFFF7A0000: builtin
004c:trace:loaddll:build_module Loaded L"C:\\windows\\system32\\setupapi.dll" at 00006FFFFF860000: builtin
005c:trace:loaddll:build_module Loaded L"C:\\windows\\system32\\win32u.dll" at 00006FFFFF4D0000: builtin
005c:trace:loaddll:build_module Loaded L"C:\\windows\\system32\\gdi32.dll" at 00006FFFFF520000: builtin
005c:trace:loaddll:build_module Loaded L"C:\\windows\\system32\\user32.dll" at 00006FFFFF5C0000: builtin
0068:trace:loaddll:build_module Loaded L"C:\\windows\\system32\\plugplay.exe" at 0000000140000000: builtin
0068:trace:loaddll:build_module Loaded L"C:\\windows\\system32\\kernelbase.dll" at 00006FFFFFC10000: builtin
0068:trace:loaddll:build_module Loaded L"C:\\windows\\system32\\kernel32.dll" at 00006FFFFFEC0000: builtin
0068:trace:loaddll:build_module Loaded L"C:\\windows\\system32\\msvcrt.dll" at 00006FFFFFAF0000: builtin
0068:trace:loaddll:build_module Loaded L"C:\\windows\\system32\\ucrtbase.dll" at 00006FFFFF9D0000: builtin
0068:trace:loaddll:build_module Loaded L"C:\\windows\\system32\\sechost.dll" at 00006FFFFFAC0000: builtin
0068:trace:loaddll:build_module Loaded L"C:\\windows\\system32\\advapi32.dll" at 00006FFFFFBB0000: builtin
0068:trace:loaddll:build_module Loaded L"C:\\windows\\system32\\rpcrt4.dll" at 00006FFFFF8F0000: builtin
0068:trace:loaddll:build_module Loaded L"C:\\windows\\system32\\win32u.dll" at 00006FFFFF4D0000: builtin
0068:trace:loaddll:build_module Loaded L"C:\\windows\\system32\\gdi32.dll" at 00006FFFFF520000: builtin
0068:trace:loaddll:build_module Loaded L"C:\\windows\\system32\\user32.dll" at 00006FFFFF5C0000: builtin
005c:trace:loaddll:build_module Loaded L"C:\\windows\\system32\\imm32.dll" at 00006FFFFF4A0000: builtin
0068:trace:loaddll:build_module Loaded L"C:\\windows\\system32\\imm32.dll" at 00006FFFFF4A0000: builtin
0080:trace:loaddll:build_module Loaded L"C:\\windows\\system32\\svchost.exe" at 0000000140000000: builtin
0080:trace:loaddll:build_module Loaded L"C:\\windows\\system32\\kernelbase.dll" at 00006FFFFFC10000: builtin
0080:trace:loaddll:build_module Loaded L"C:\\windows\\system32\\kernel32.dll" at 00006FFFFFEC0000: builtin
0080:trace:loaddll:build_module Loaded L"C:\\windows\\system32\\msvcrt.dll" at 00006FFFFFAF0000: builtin
0080:trace:loaddll:build_module Loaded L"C:\\windows\\system32\\ucrtbase.dll" at 00006FFFFF9D0000: builtin
0080:trace:loaddll:build_module Loaded L"C:\\windows\\system32\\sechost.dll" at 00006FFFFFAC0000: builtin
0080:trace:loaddll:build_module Loaded L"C:\\windows\\system32\\advapi32.dll" at 00006FFFFFBB0000: builtin
0080:trace:loaddll:build_module Loaded L"C:\\windows\\system32\\wevtsvc.dll" at 00006FFFFF480000: builtin
0080:trace:loaddll:build_module Loaded L"C:\\windows\\system32\\rpcrt4.dll" at 00006FFFFF8F0000: builtin
004c:trace:loaddll:build_module Loaded L"C:\\windows\\system32\\drivers\\nsiproxy.sys" at 00006FFFFF460000: builtin
004c:trace:loaddll:build_module Loaded L"C:\\windows\\system32\\dnsapi.dll" at 00006FFFFF3C0000: builtin
004c:trace:loaddll:build_module Loaded L"C:\\windows\\system32\\nsi.dll" at 00006FFFFF3A0000: builtin
004c:trace:loaddll:build_module Loaded L"C:\\windows\\system32\\ws2_32.dll" at 00006FFFFF990000: builtin
004c:trace:loaddll:build_module Loaded L"C:\\windows\\system32\\iphlpapi.dll" at 00006FFFFF3F0000: builtin
004c:trace:loaddll:build_module Loaded L"C:\\windows\\system32\\drivers\\ndis.sys" at 00006FFFFF430000: builtin
009c:trace:loaddll:build_module Loaded L"C:\\windows\\system32\\winedevice.exe" at 0000000140000000: builtin
009c:trace:loaddll:build_module Loaded L"C:\\windows\\system32\\kernelbase.dll" at 00006FFFFFC10000: builtin
009c:trace:loaddll:build_module Loaded L"C:\\windows\\system32\\kernel32.dll" at 00006FFFFFEC0000: builtin
009c:trace:loaddll:build_module Loaded L"C:\\windows\\system32\\msvcrt.dll" at 00006FFFFFAF0000: builtin
009c:trace:loaddll:build_module Loaded L"C:\\windows\\system32\\ucrtbase.dll" at 00006FFFFF9D0000: builtin
009c:trace:loaddll:build_module Loaded L"C:\\windows\\system32\\sechost.dll" at 00006FFFFFAC0000: builtin
009c:trace:loaddll:build_module Loaded L"C:\\windows\\system32\\advapi32.dll" at 00006FFFFFBB0000: builtin
009c:trace:loaddll:build_module Loaded L"C:\\windows\\system32\\ntoskrnl.exe" at 00006FFFFF7D0000: builtin
009c:trace:loaddll:build_module Loaded L"C:\\windows\\system32\\rpcrt4.dll" at 00006FFFFF8F0000: builtin
00a4:trace:loaddll:build_module Loaded L"C:\\windows\\system32\\drivers\\hidparse.sys" at 00006FFFFF350000: builtin
00a4:trace:loaddll:build_module Loaded L"C:\\windows\\system32\\drivers\\winebus.sys" at 00006FFFFF380000: builtin
00a4:trace:loaddll:build_module Loaded L"C:\\windows\\system32\\setupapi.dll" at 00006FFFFF860000: builtin
00b0:trace:loaddll:build_module Loaded L"C:\\windows\\system32\\win32u.dll" at 00006FFFFF4D0000: builtin
00b0:trace:loaddll:build_module Loaded L"C:\\windows\\system32\\gdi32.dll" at 00006FFFFF520000: builtin
00b0:trace:loaddll:build_module Loaded L"C:\\windows\\system32\\user32.dll" at 00006FFFFF5C0000: builtin
00b0:trace:loaddll:build_module Loaded L"C:\\windows\\system32\\drivers\\hidclass.sys" at 00006FFFFF300000: builtin
00b0:trace:loaddll:build_module Loaded L"C:\\windows\\system32\\drivers\\winehid.sys" at 00006FFFFF330000: builtin
00b0:trace:loaddll:build_module Loaded L"C:\\windows\\system32\\imm32.dll" at 00006FFFFF4A0000: builtin
002c:trace:loaddll:build_module Loaded L"C:\\windows\\system32\\win32u.dll" at 00006FFFFF4D0000: builtin
002c:trace:loaddll:build_module Loaded L"C:\\windows\\system32\\user32.dll" at 00006FFFFF5C0000: builtin
002c:trace:loaddll:build_module Loaded L"C:\\windows\\system32\\gdi32.dll" at 00006FFFFF520000: builtin
002c:trace:loaddll:build_module Loaded L"C:\\windows\\system32\\shcore.dll" at 00006FFFFE930000: builtin
002c:trace:loaddll:build_module Loaded L"C:\\windows\\system32\\shlwapi.dll" at 00006FFFFE960000: builtin
002c:trace:loaddll:build_module Loaded L"C:\\windows\\system32\\shell32.dll" at 00006FFFFE9C0000: builtin
002c:trace:loaddll:build_module Loaded L"C:\\windows\\system32\\imm32.dll" at 00006FFFFF4A0000: builtin
002c:trace:loaddll:build_module Loaded L"C:\\windows\\system32\\rpcrt4.dll" at 00006FFFFF8F0000: builtin
002c:trace:loaddll:build_module Loaded L"C:\\windows\\system32\\combase.dll" at 00006FFFFE800000: builtin
002c:trace:loaddll:build_module Loaded L"C:\\windows\\system32\\coml2.dll" at 00006FFFFE7D0000: builtin
002c:trace:loaddll:build_module Loaded L"C:\\windows\\system32\\ole32.dll" at 00006FFFFE860000: builtin
0024:trace:loaddll:build_module Loaded L"C:\\windows\\system32\\start.exe" at 0000000140000000: builtin
0024:trace:loaddll:build_module Loaded L"C:\\windows\\system32\\kernelbase.dll" at 00006FFFFFC10000: builtin
0024:trace:loaddll:build_module Loaded L"C:\\windows\\system32\\kernel32.dll" at 00006FFFFFEC0000: builtin
0024:trace:loaddll:build_module Loaded L"C:\\windows\\system32\\msvcrt.dll" at 00006FFFFFAF0000: builtin
0024:trace:loaddll:build_module Loaded L"C:\\windows\\system32\\ucrtbase.dll" at 00006FFFFF9D0000: builtin
0024:trace:loaddll:build_module Loaded L"C:\\windows\\system32\\sechost.dll" at 00006FFFFFAC0000: builtin
0024:trace:loaddll:build_module Loaded L"C:\\windows\\system32\\advapi32.dll" at 00006FFFFFBB0000: builtin
0024:trace:loaddll:build_module Loaded L"C:\\windows\\system32\\win32u.dll" at 00006FFFFF4D0000: builtin
0024:trace:loaddll:build_module Loaded L"C:\\windows\\system32\\user32.dll" at 00006FFFFF5C0000: builtin
0024:trace:loaddll:build_module Loaded L"C:\\windows\\system32\\gdi32.dll" at 00006FFFFF520000: builtin
0024:trace:loaddll:build_module Loaded L"C:\\windows\\system32\\shcore.dll" at 00006FFFFE930000: builtin
0024:trace:loaddll:build_module Loaded L"C:\\windows\\system32\\shlwapi.dll" at 00006FFFFE960000: builtin
0024:trace:loaddll:build_module Loaded L"C:\\windows\\system32\\shell32.dll" at 00006FFFFE9C0000: builtin
0024:trace:loaddll:build_module Loaded L"C:\\windows\\system32\\imm32.dll" at 00006FFFFF4A0000: builtin
00d8:trace:loaddll:build_module Loaded L"C:\\windows\\system32\\start.exe" at 0000000140000000: builtin
00d8:trace:loaddll:build_module Loaded L"C:\\windows\\system32\\kernelbase.dll" at 00006FFFFFC10000: builtin
00d8:trace:loaddll:build_module Loaded L"C:\\windows\\system32\\kernel32.dll" at 00006FFFFFEC0000: builtin
00d8:trace:loaddll:build_module Loaded L"C:\\windows\\system32\\msvcrt.dll" at 00006FFFFFAF0000: builtin
00d8:trace:loaddll:build_module Loaded L"C:\\windows\\system32\\ucrtbase.dll" at 00006FFFFF9D0000: builtin
00d8:trace:loaddll:build_module Loaded L"C:\\windows\\system32\\sechost.dll" at 00006FFFFFAC0000: builtin
00d8:trace:loaddll:build_module Loaded L"C:\\windows\\system32\\advapi32.dll" at 00006FFFFFBB0000: builtin
00d8:trace:loaddll:build_module Loaded L"C:\\windows\\system32\\win32u.dll" at 00006FFFFF4D0000: builtin
00d8:trace:loaddll:build_module Loaded L"C:\\windows\\system32\\user32.dll" at 00006FFFFF5C0000: builtin
00d8:trace:loaddll:build_module Loaded L"C:\\windows\\system32\\gdi32.dll" at 00006FFFFF520000: builtin
00d8:trace:loaddll:build_module Loaded L"C:\\windows\\system32\\shcore.dll" at 00006FFFFE930000: builtin
00d8:trace:loaddll:build_module Loaded L"C:\\windows\\system32\\shlwapi.dll" at 00006FFFFE960000: builtin
00d8:trace:loaddll:build_module Loaded L"C:\\windows\\system32\\shell32.dll" at 00006FFFFE9C0000: builtin
00d8:trace:loaddll:build_module Loaded L"C:\\windows\\system32\\imm32.dll" at 00006FFFFF4A0000: builtin
00e0:err:environ:init_peb starting L"C:\\Program Files (x86)\\CannonCruise\\CannonCruise.exe" in experimental wow64 mode
00e0:trace:loaddll:build_module Loaded L"C:\\windows\\system32\\wow64.dll" at 00006FFFFF2C0000: builtin
00e0:trace:loaddll:build_module Loaded L"C:\\windows\\system32\\wow64cpu.dll" at 000000007BF20000: builtin
00e0:trace:loaddll:build_module Loaded L"C:\\windows\\system32\\win32u.dll" at 00006FFFFF4D0000: builtin
00e0:trace:loaddll:build_module Loaded L"C:\\windows\\system32\\wow64win.dll" at 00006FFFFF290000: builtin
00e0:trace:loaddll:build_module Loaded L"C:\\Program Files (x86)\\CannonCruise\\CannonCruise.exe" at 00400000: native
00e0:trace:loaddll:build_module Loaded L"C:\\windows\\system32\\kernelbase.dll" at 7BC00000: builtin
00e0:trace:loaddll:build_module Loaded L"C:\\windows\\system32\\kernel32.dll" at 7BEB0000: builtin
00e0:trace:loaddll:build_module Loaded L"C:\\windows\\system32\\ucrtbase.dll" at 7BAC0000: builtin
00e0:trace:loaddll:build_module Loaded L"C:\\windows\\system32\\msvcrt.dll" at 7B6E0000: builtin
00e0:trace:loaddll:build_module Loaded L"C:\\windows\\system32\\sechost.dll" at 7B6B0000: builtin
00e0:trace:loaddll:build_module Loaded L"C:\\windows\\system32\\advapi32.dll" at 7B7A0000: builtin
00e0:trace:loaddll:build_module Loaded L"C:\\windows\\system32\\win32u.dll" at 7B3E0000: builtin
00e0:trace:loaddll:build_module Loaded L"C:\\windows\\system32\\user32.dll" at 7B430000: builtin
00e0:trace:loaddll:build_module Loaded L"C:\\windows\\system32\\gdi32.dll" at 7B610000: builtin
00e0:trace:loaddll:build_module Loaded L"C:\\windows\\system32\\opengl32.dll" at 7B2B0000: builtin
00e0:trace:loaddll:build_module Loaded L"C:\\windows\\system32\\wined3d.dll" at 7B7F0000: builtin
00e0:trace:loaddll:build_module Loaded L"C:\\windows\\system32\\d3d9.dll" at 7BBB0000: builtin
00e0:trace:loaddll:build_module Loaded L"C:\\windows\\system32\\shcore.dll" at 7A8F0000: builtin
00e0:trace:loaddll:build_module Loaded L"C:\\windows\\system32\\shlwapi.dll" at 7A920000: builtin
00e0:trace:loaddll:build_module Loaded L"C:\\windows\\system32\\SHELL32.dll" at 7A980000: builtin
00e0:trace:loaddll:build_module Loaded L"C:\\windows\\system32\\msacm32.dll" at 7A7E0000: builtin
00e0:trace:loaddll:build_module Loaded L"C:\\windows\\system32\\rpcrt4.dll" at 7A610000: builtin
00e0:trace:loaddll:build_module Loaded L"C:\\windows\\system32\\combase.dll" at 7A6B0000: builtin
00e0:trace:loaddll:build_module Loaded L"C:\\windows\\system32\\coml2.dll" at 7A5E0000: builtin
00e0:trace:loaddll:build_module Loaded L"C:\\windows\\system32\\ole32.dll" at 7A710000: builtin
00e0:trace:loaddll:build_module Loaded L"C:\\windows\\system32\\WINMM.dll" at 7A820000: builtin
00e0:trace:loaddll:build_module Loaded L"C:\\Program Files (x86)\\CannonCruise\\binkw32.dll" at 30000000: native
00e0:trace:loaddll:build_module Loaded L"C:\\windows\\system32\\DSOUND.dll" at 7A580000: builtin
00e0:trace:loaddll:build_module Loaded L"C:\\windows\\system32\\imm32.dll" at 7A390000: builtin
00e0:trace:loaddll:build_module Loaded L"C:\\windows\\system32\\comctl32.dll" at 7A3C0000: builtin
00e0:trace:loaddll:build_module Loaded L"C:\\windows\\system32\\hid.dll" at 7A370000: builtin
00e0:trace:loaddll:build_module Loaded L"C:\\windows\\system32\\setupapi.dll" at 7A2F0000: builtin
00e0:trace:loaddll:build_module Loaded L"C:\\windows\\system32\\DINPUT8.dll" at 7A520000: builtin
00e8:trace:loaddll:build_module Loaded L"C:\\windows\\system32\\explorer.exe" at 0000000140000000: builtin
00e8:trace:loaddll:build_module Loaded L"C:\\windows\\system32\\kernelbase.dll" at 00006FFFFFC10000: builtin
00e8:trace:loaddll:build_module Loaded L"C:\\windows\\system32\\kernel32.dll" at 00006FFFFFEC0000: builtin
00e8:trace:loaddll:build_module Loaded L"C:\\windows\\system32\\msvcrt.dll" at 00006FFFFFAF0000: builtin
00e8:trace:loaddll:build_module Loaded L"C:\\windows\\system32\\ucrtbase.dll" at 00006FFFFF9D0000: builtin
00e8:trace:loaddll:build_module Loaded L"C:\\windows\\system32\\sechost.dll" at 00006FFFFFAC0000: builtin
00e8:trace:loaddll:build_module Loaded L"C:\\windows\\system32\\advapi32.dll" at 00006FFFFFBB0000: builtin
00e8:trace:loaddll:build_module Loaded L"C:\\windows\\system32\\win32u.dll" at 00006FFFFF4D0000: builtin
00e8:trace:loaddll:build_module Loaded L"C:\\windows\\system32\\user32.dll" at 00006FFFFF5C0000: builtin
00e8:trace:loaddll:build_module Loaded L"C:\\windows\\system32\\gdi32.dll" at 00006FFFFF520000: builtin
00e8:trace:loaddll:build_module Loaded L"C:\\windows\\system32\\rpcrt4.dll" at 00006FFFFF8F0000: builtin
00e8:trace:loaddll:build_module Loaded L"C:\\windows\\system32\\imm32.dll" at 00006FFFFF4A0000: builtin
00e8:trace:loaddll:build_module Loaded L"C:\\windows\\system32\\winemac.drv" at 00006FFFFF270000: builtin
[mvk-info] MoltenVK version 1.4.1, supporting Vulkan version 1.4.334.
	The following 153 Vulkan extensions are supported:
	VK_KHR_16bit_storage v1
	VK_KHR_8bit_storage v1
	VK_KHR_bind_memory2 v1
	VK_KHR_buffer_device_address v1
	VK_KHR_calibrated_timestamps v1
	VK_KHR_copy_commands2 v1
	VK_KHR_create_renderpass2 v1
	VK_KHR_dedicated_allocation v3
	VK_KHR_deferred_host_operations v4
	VK_KHR_depth_stencil_resolve v1
	VK_KHR_descriptor_update_template v1
	VK_KHR_device_group v4
	VK_KHR_device_group_creation v1
	VK_KHR_driver_properties v1
	VK_KHR_dynamic_rendering v1
	VK_KHR_dynamic_rendering_local_read v1
	VK_KHR_external_fence v1
	VK_KHR_external_fence_capabilities v1
	VK_KHR_external_memory v1
	VK_KHR_external_memory_capabilities v1
	VK_KHR_external_semaphore v1
	VK_KHR_external_semaphore_capabilities v1
	VK_KHR_format_feature_flags2 v2
	VK_KHR_fragment_shader_barycentric v1
	VK_KHR_get_memory_requirements2 v1
	VK_KHR_get_physical_device_properties2 v2
	VK_KHR_get_surface_capabilities2 v1
	VK_KHR_global_priority v1
	VK_KHR_image_format_list v1
	VK_KHR_imageless_framebuffer v1
	VK_KHR_incremental_present v2
	VK_KHR_index_type_uint8 v1
	VK_KHR_line_rasterization v1
	VK_KHR_load_store_op_none v1
	VK_KHR_maintenance1 v2
	VK_KHR_maintenance2 v1
	VK_KHR_maintenance3 v1
	VK_KHR_maintenance4 v2
	VK_KHR_maintenance5 v1
	VK_KHR_maintenance6 v1
	VK_KHR_maintenance7 v1
	VK_KHR_maintenance8 v1
	VK_KHR_maintenance9 v1
	VK_KHR_map_memory2 v1
	VK_KHR_multiview v1
	VK_KHR_portability_subset v1
	VK_KHR_present_id v1
	VK_KHR_present_id2 v1
	VK_KHR_present_wait v1
	VK_KHR_present_wait2 v1
	VK_KHR_push_descriptor v2
	VK_KHR_relaxed_block_layout v1
	VK_KHR_robustness2 v1
	VK_KHR_sampler_mirror_clamp_to_edge v3
	VK_KHR_sampler_ycbcr_conversion v14
	VK_KHR_separate_depth_stencil_layouts v1
	VK_KHR_shader_draw_parameters v1
	VK_KHR_shader_expect_assume v1
	VK_KHR_shader_float_controls v4
	VK_KHR_shader_float_controls2 v1
	VK_KHR_shader_float16_int8 v1
	VK_KHR_shader_fma v1
	VK_KHR_shader_integer_dot_product v1
	VK_KHR_shader_maximal_reconvergence v1
	VK_KHR_shader_non_semantic_info v1
	VK_KHR_shader_quad_control v1
	VK_KHR_shader_relaxed_extended_instruction v1
	VK_KHR_shader_subgroup_extended_types v1
	VK_KHR_shader_subgroup_rotate v2
	VK_KHR_shader_subgroup_uniform_control_flow v1
	VK_KHR_shader_terminate_invocation v1
	VK_KHR_spirv_1_4 v1
	VK_KHR_storage_buffer_storage_class v1
	VK_KHR_surface v25
	VK_KHR_surface_maintenance1 v1
	VK_KHR_surface_protected_capabilities v1
	VK_KHR_swapchain v70
	VK_KHR_swapchain_maintenance1 v1
	VK_KHR_swapchain_mutable_format v1
	VK_KHR_synchronization2 v1
	VK_KHR_timeline_semaphore v2
	VK_KHR_uniform_buffer_standard_layout v1
	VK_KHR_variable_pointers v1
	VK_KHR_vertex_attribute_divisor v1
	VK_KHR_vulkan_memory_model v3
	VK_KHR_zero_initialize_workgroup_memory v1
	VK_EXT_4444_formats v1
	VK_EXT_buffer_device_address v2
	VK_EXT_calibrated_timestamps v2
	VK_EXT_debug_marker v4
	VK_EXT_debug_report v10
	VK_EXT_debug_utils v2
	VK_EXT_depth_clip_control v1
	VK_EXT_descriptor_indexing v2
	VK_EXT_extended_dynamic_state v1
	VK_EXT_extended_dynamic_state2 v1
	VK_EXT_extended_dynamic_state3 v2
	VK_EXT_external_memory_host v1
	VK_EXT_external_memory_metal v1
	VK_EXT_fragment_shader_interlock v1
	VK_EXT_global_priority v2
	VK_EXT_global_priority_query v1
	VK_EXT_hdr_metadata v3
	VK_EXT_headless_surface v1
	VK_EXT_host_image_copy v1
	VK_EXT_host_query_reset v1
	VK_EXT_image_2d_view_of_3d v1
	VK_EXT_image_robustness v1
	VK_EXT_index_type_uint8 v1
	VK_EXT_inline_uniform_block v1
	VK_EXT_layer_settings v2
	VK_EXT_legacy_dithering v2
	VK_EXT_line_rasterization v1
	VK_EXT_load_store_op_none v1
	VK_EXT_memory_budget v1
	VK_EXT_metal_objects v2
	VK_EXT_metal_surface v1
	VK_EXT_non_seamless_cube_map v1
	VK_EXT_pipeline_creation_cache_control v3
	VK_EXT_pipeline_creation_feedback v1
	VK_EXT_pipeline_robustness v1
	VK_EXT_post_depth_coverage v1
	VK_EXT_primitive_topology_list_restart v1
	VK_EXT_private_data v1
	VK_EXT_provoking_vertex v1
	VK_EXT_robustness2 v1
	VK_EXT_sample_locations v1
	VK_EXT_scalar_block_layout v1
	VK_EXT_separate_stencil_usage v1
	VK_EXT_shader_atomic_float v1
	VK_EXT_shader_demote_to_helper_invocation v1
	VK_EXT_shader_stencil_export v1
	VK_EXT_shader_subgroup_ballot v1
	VK_EXT_shader_subgroup_vote v1
	VK_EXT_shader_viewport_index_layer v1
	VK_EXT_subgroup_size_control v2
	VK_EXT_surface_maintenance1 v1
	VK_EXT_swapchain_colorspace v5
	VK_EXT_swapchain_maintenance1 v1
	VK_EXT_texel_buffer_alignment v1
	VK_EXT_texture_compression_astc_hdr v1
	VK_EXT_tooling_info v1
	VK_EXT_vertex_attribute_divisor v3
	VK_AMD_gpu_shader_half_float v2
	VK_AMD_negative_viewport_height v1
	VK_AMD_shader_image_load_store_lod v1
	VK_AMD_shader_trinary_minmax v1
	VK_GOOGLE_display_timing v1
	VK_IMG_format_pvrtc v1
	VK_INTEL_shader_integer_functions2 v1
	VK_MVK_macos_surface v3
	VK_MVK_moltenvk v37
	VK_NV_fragment_shader_barycentric v1
[mvk-info] GPU device:
	model: Intel(R) Iris(TM) Plus Graphics
	type: Integrated
	vendorID: 0x8086
	deviceID: 0x8a53
	pipelineCacheUUID: DB445FF2-1A06-0200-0000-000100000000
	GPU memory available: 1536 MB
	GPU memory used: 8 MB
	Metal Shading Language 3.2
	supports the following GPU Features:
		GPU Family Metal 3
		GPU Family Mac 2
		Read-Write Texture Tier 1
[mvk-info] Created VkInstance for Vulkan version 1.0.334, as requested by app, with the following 2 Vulkan extensions enabled:
	VK_KHR_external_memory_capabilities v1
	VK_KHR_get_physical_device_properties2 v2
00e8:trace:loaddll:build_module Loaded L"C:\\windows\\system32\\uxtheme.dll" at 00006FFFFF220000: builtin
00e8:fixme:keyboard:NtUserActivateKeyboardLayout Changing user locale is not supported
00ec:fixme:keyboard:NtUserActivateKeyboardLayout Changing user locale is not supported
00e8:trace:loaddll:build_module Loaded L"C:\\windows\\system32\\shcore.dll" at 00006FFFFE850000: builtin
00e8:trace:loaddll:build_module Loaded L"C:\\windows\\system32\\shlwapi.dll" at 00006FFFFE880000: builtin
00e8:trace:loaddll:build_module Loaded L"C:\\windows\\system32\\shell32.dll" at 00006FFFFE8E0000: builtin
00e8:trace:loaddll:build_module Loaded L"C:\\windows\\system32\\combase.dll" at 00006FFFFE720000: builtin
00e8:trace:loaddll:build_module Loaded L"C:\\windows\\system32\\coml2.dll" at 00006FFFFE6F0000: builtin
00e8:trace:loaddll:build_module Loaded L"C:\\windows\\system32\\ole32.dll" at 00006FFFFE780000: builtin
00e8:trace:loaddll:build_module Loaded L"C:\\windows\\system32\\oleaut32.dll" at 00006FFFFE5B0000: builtin
00e8:trace:loaddll:build_module Loaded L"C:\\windows\\system32\\actxprxy.dll" at 00006FFFFE6A0000: builtin
0100:trace:loaddll:build_module Loaded L"C:\\windows\\system32\\rpcss.exe" at 0000000140000000: builtin
0100:trace:loaddll:build_module Loaded L"C:\\windows\\system32\\kernelbase.dll" at 00006FFFFFC10000: builtin
0100:trace:loaddll:build_module Loaded L"C:\\windows\\system32\\kernel32.dll" at 00006FFFFFEC0000: builtin
0100:trace:loaddll:build_module Loaded L"C:\\windows\\system32\\msvcrt.dll" at 00006FFFFFAF0000: builtin
0100:trace:loaddll:build_module Loaded L"C:\\windows\\system32\\ucrtbase.dll" at 00006FFFFF9D0000: builtin
0100:trace:loaddll:build_module Loaded L"C:\\windows\\system32\\sechost.dll" at 00006FFFFFAC0000: builtin
0100:trace:loaddll:build_module Loaded L"C:\\windows\\system32\\advapi32.dll" at 00006FFFFFBB0000: builtin
0100:trace:loaddll:build_module Loaded L"C:\\windows\\system32\\rpcrt4.dll" at 00006FFFFF8F0000: builtin
00e0:trace:loaddll:build_module Loaded L"c:\\windows\\system32\\winemac.drv" at 7A2D0000: builtin
00e0:trace:loaddll:build_module Loaded L"C:\\windows\\system32\\uxtheme.dll" at 7A280000: builtin
00e0:fixme:keyboard:NtUserActivateKeyboardLayout Changing user locale is not supported
00e0:trace:loaddll:build_module Loaded L"C:\\windows\\system32\\oleaut32.dll" at 7A170000: builtin
00e0:trace:loaddll:build_module Loaded L"C:\\windows\\system32\\version.dll" at 7A150000: builtin
00e0:trace:loaddll:build_module Loaded L"C:\\windows\\system32\\mmdevapi.dll" at 7A240000: builtin
00e0:trace:loaddll:build_module Loaded L"C:\\windows\\system32\\winecoreaudio.drv" at 7A130000: builtin
00e0:fixme:coreaudio:ca_channel_layout_to_channel_mask Unhandled channel 0xffffffff
00e0:fixme:coreaudio:ca_channel_layout_to_channel_mask Unhandled channel 0xffffffff
00e0:fixme:coreaudio:ca_channel_layout_to_channel_mask Unhandled channel 0xffffffff
00e0:fixme:coreaudio:ca_channel_layout_to_channel_mask Unhandled channel 0xffffffff
00e0:fixme:coreaudio:ca_channel_layout_to_channel_mask Unhandled channel 0xffffffff
00e0:fixme:coreaudio:ca_channel_layout_to_channel_mask Unhandled channel 0xffffffff
00e0:fixme:coreaudio:ca_channel_layout_to_channel_mask Unhandled channel 0xffffffff
00e0:fixme:coreaudio:ca_channel_layout_to_channel_mask Unhandled channel 0xffffffff
00e0:trace:loaddll:build_module Loaded L"C:\\windows\\system32\\winevulkan.dll" at 7A0E0000: builtin
[mvk-info] MoltenVK version 1.4.1, supporting Vulkan version 1.4.334.
	The following 153 Vulkan extensions are supported:
	VK_KHR_16bit_storage v1
	VK_KHR_8bit_storage v1
	VK_KHR_bind_memory2 v1
	VK_KHR_buffer_device_address v1
	VK_KHR_calibrated_timestamps v1
	VK_KHR_copy_commands2 v1
	VK_KHR_create_renderpass2 v1
	VK_KHR_dedicated_allocation v3
	VK_KHR_deferred_host_operations v4
	VK_KHR_depth_stencil_resolve v1
	VK_KHR_descriptor_update_template v1
	VK_KHR_device_group v4
	VK_KHR_device_group_creation v1
	VK_KHR_driver_properties v1
	VK_KHR_dynamic_rendering v1
	VK_KHR_dynamic_rendering_local_read v1
	VK_KHR_external_fence v1
	VK_KHR_external_fence_capabilities v1
	VK_KHR_external_memory v1
	VK_KHR_external_memory_capabilities v1
	VK_KHR_external_semaphore v1
	VK_KHR_external_semaphore_capabilities v1
	VK_KHR_format_feature_flags2 v2
	VK_KHR_fragment_shader_barycentric v1
	VK_KHR_get_memory_requirements2 v1
	VK_KHR_get_physical_device_properties2 v2
	VK_KHR_get_surface_capabilities2 v1
	VK_KHR_global_priority v1
	VK_KHR_image_format_list v1
	VK_KHR_imageless_framebuffer v1
	VK_KHR_incremental_present v2
	VK_KHR_index_type_uint8 v1
	VK_KHR_line_rasterization v1
	VK_KHR_load_store_op_none v1
	VK_KHR_maintenance1 v2
	VK_KHR_maintenance2 v1
	VK_KHR_maintenance3 v1
	VK_KHR_maintenance4 v2
	VK_KHR_maintenance5 v1
	VK_KHR_maintenance6 v1
	VK_KHR_maintenance7 v1
	VK_KHR_maintenance8 v1
	VK_KHR_maintenance9 v1
	VK_KHR_map_memory2 v1
	VK_KHR_multiview v1
	VK_KHR_portability_subset v1
	VK_KHR_present_id v1
	VK_KHR_present_id2 v1
	VK_KHR_present_wait v1
	VK_KHR_present_wait2 v1
	VK_KHR_push_descriptor v2
	VK_KHR_relaxed_block_layout v1
	VK_KHR_robustness2 v1
	VK_KHR_sampler_mirror_clamp_to_edge v3
	VK_KHR_sampler_ycbcr_conversion v14
	VK_KHR_separate_depth_stencil_layouts v1
	VK_KHR_shader_draw_parameters v1
	VK_KHR_shader_expect_assume v1
	VK_KHR_shader_float_controls v4
	VK_KHR_shader_float_controls2 v1
	VK_KHR_shader_float16_int8 v1
	VK_KHR_shader_fma v1
	VK_KHR_shader_integer_dot_product v1
	VK_KHR_shader_maximal_reconvergence v1
	VK_KHR_shader_non_semantic_info v1
	VK_KHR_shader_quad_control v1
	VK_KHR_shader_relaxed_extended_instruction v1
	VK_KHR_shader_subgroup_extended_types v1
	VK_KHR_shader_subgroup_rotate v2
	VK_KHR_shader_subgroup_uniform_control_flow v1
	VK_KHR_shader_terminate_invocation v1
	VK_KHR_spirv_1_4 v1
	VK_KHR_storage_buffer_storage_class v1
	VK_KHR_surface v25
	VK_KHR_surface_maintenance1 v1
	VK_KHR_surface_protected_capabilities v1
	VK_KHR_swapchain v70
	VK_KHR_swapchain_maintenance1 v1
	VK_KHR_swapchain_mutable_format v1
	VK_KHR_synchronization2 v1
	VK_KHR_timeline_semaphore v2
	VK_KHR_uniform_buffer_standard_layout v1
	VK_KHR_variable_pointers v1
	VK_KHR_vertex_attribute_divisor v1
	VK_KHR_vulkan_memory_model v3
	VK_KHR_zero_initialize_workgroup_memory v1
	VK_EXT_4444_formats v1
	VK_EXT_buffer_device_address v2
	VK_EXT_calibrated_timestamps v2
	VK_EXT_debug_marker v4
	VK_EXT_debug_report v10
	VK_EXT_debug_utils v2
	VK_EXT_depth_clip_control v1
	VK_EXT_descriptor_indexing v2
	VK_EXT_extended_dynamic_state v1
	VK_EXT_extended_dynamic_state2 v1
	VK_EXT_extended_dynamic_state3 v2
	VK_EXT_external_memory_host v1
	VK_EXT_external_memory_metal v1
	VK_EXT_fragment_shader_interlock v1
	VK_EXT_global_priority v2
	VK_EXT_global_priority_query v1
	VK_EXT_hdr_metadata v3
	VK_EXT_headless_surface v1
	VK_EXT_host_image_copy v1
	VK_EXT_host_query_reset v1
	VK_EXT_image_2d_view_of_3d v1
	VK_EXT_image_robustness v1
	VK_EXT_index_type_uint8 v1
	VK_EXT_inline_uniform_block v1
	VK_EXT_layer_settings v2
	VK_EXT_legacy_dithering v2
	VK_EXT_line_rasterization v1
	VK_EXT_load_store_op_none v1
	VK_EXT_memory_budget v1
	VK_EXT_metal_objects v2
	VK_EXT_metal_surface v1
	VK_EXT_non_seamless_cube_map v1
	VK_EXT_pipeline_creation_cache_control v3
	VK_EXT_pipeline_creation_feedback v1
	VK_EXT_pipeline_robustness v1
	VK_EXT_post_depth_coverage v1
	VK_EXT_primitive_topology_list_restart v1
	VK_EXT_private_data v1
	VK_EXT_provoking_vertex v1
	VK_EXT_robustness2 v1
	VK_EXT_sample_locations v1
	VK_EXT_scalar_block_layout v1
	VK_EXT_separate_stencil_usage v1
	VK_EXT_shader_atomic_float v1
	VK_EXT_shader_demote_to_helper_invocation v1
	VK_EXT_shader_stencil_export v1
	VK_EXT_shader_subgroup_ballot v1
	VK_EXT_shader_subgroup_vote v1
	VK_EXT_shader_viewport_index_layer v1
	VK_EXT_subgroup_size_control v2
	VK_EXT_surface_maintenance1 v1
	VK_EXT_swapchain_colorspace v5
	VK_EXT_swapchain_maintenance1 v1
	VK_EXT_texel_buffer_alignment v1
	VK_EXT_texture_compression_astc_hdr v1
	VK_EXT_tooling_info v1
	VK_EXT_vertex_attribute_divisor v3
	VK_AMD_gpu_shader_half_float v2
	VK_AMD_negative_viewport_height v1
	VK_AMD_shader_image_load_store_lod v1
	VK_AMD_shader_trinary_minmax v1
	VK_GOOGLE_display_timing v1
	VK_IMG_format_pvrtc v1
	VK_INTEL_shader_integer_functions2 v1
	VK_MVK_macos_surface v3
	VK_MVK_moltenvk v37
	VK_NV_fragment_shader_barycentric v1
[mvk-info] GPU device:
	model: Intel(R) Iris(TM) Plus Graphics
	type: Integrated
	vendorID: 0x8086
	deviceID: 0x8a53
	pipelineCacheUUID: DB445FF2-1A06-0200-0000-000100000000
	GPU memory available: 1536 MB
	GPU memory used: 8 MB
	Metal Shading Language 3.2
	supports the following GPU Features:
		GPU Family Metal 3
		GPU Family Mac 2
		Read-Write Texture Tier 1
[mvk-info] Created VkInstance for Vulkan version 1.1.334, as requested by app, with the following 4 Vulkan extensions enabled:
	VK_KHR_external_memory_capabilities v1
	VK_KHR_get_physical_device_properties2 v2
	VK_KHR_surface v25
	VK_EXT_metal_surface v1
[mvk-info] Destroyed VkPhysicalDevice for GPU Intel(R) Iris(TM) Plus Graphics with 8 MB of GPU memory still allocated.
[mvk-info] Destroying VkInstance for Vulkan version 1.1.334 with 4 Vulkan extensions enabled.
00e0:trace:loaddll:free_modref Unloaded module L"C:\\windows\\system32\\winevulkan.dll" : builtin
[mvk-info] MoltenVK version 1.4.1, supporting Vulkan version 1.4.334.
	The following 153 Vulkan extensions are supported:
	VK_KHR_16bit_storage v1
	VK_KHR_8bit_storage v1
	VK_KHR_bind_memory2 v1
	VK_KHR_buffer_device_address v1
	VK_KHR_calibrated_timestamps v1
	VK_KHR_copy_commands2 v1
	VK_KHR_create_renderpass2 v1
	VK_KHR_dedicated_allocation v3
	VK_KHR_deferred_host_operations v4
	VK_KHR_depth_stencil_resolve v1
	VK_KHR_descriptor_update_template v1
	VK_KHR_device_group v4
	VK_KHR_device_group_creation v1
	VK_KHR_driver_properties v1
	VK_KHR_dynamic_rendering v1
	VK_KHR_dynamic_rendering_local_read v1
	VK_KHR_external_fence v1
	VK_KHR_external_fence_capabilities v1
	VK_KHR_external_memory v1
	VK_KHR_external_memory_capabilities v1
	VK_KHR_external_semaphore v1
	VK_KHR_external_semaphore_capabilities v1
	VK_KHR_format_feature_flags2 v2
	VK_KHR_fragment_shader_barycentric v1
	VK_KHR_get_memory_requirements2 v1
	VK_KHR_get_physical_device_properties2 v2
	VK_KHR_get_surface_capabilities2 v1
	VK_KHR_global_priority v1
	VK_KHR_image_format_list v1
	VK_KHR_imageless_framebuffer v1
	VK_KHR_incremental_present v2
	VK_KHR_index_type_uint8 v1
	VK_KHR_line_rasterization v1
	VK_KHR_load_store_op_none v1
	VK_KHR_maintenance1 v2
	VK_KHR_maintenance2 v1
	VK_KHR_maintenance3 v1
	VK_KHR_maintenance4 v2
	VK_KHR_maintenance5 v1
	VK_KHR_maintenance6 v1
	VK_KHR_maintenance7 v1
	VK_KHR_maintenance8 v1
	VK_KHR_maintenance9 v1
	VK_KHR_map_memory2 v1
	VK_KHR_multiview v1
	VK_KHR_portability_subset v1
	VK_KHR_present_id v1
	VK_KHR_present_id2 v1
	VK_KHR_present_wait v1
	VK_KHR_present_wait2 v1
	VK_KHR_push_descriptor v2
	VK_KHR_relaxed_block_layout v1
	VK_KHR_robustness2 v1
	VK_KHR_sampler_mirror_clamp_to_edge v3
	VK_KHR_sampler_ycbcr_conversion v14
	VK_KHR_separate_depth_stencil_layouts v1
	VK_KHR_shader_draw_parameters v1
	VK_KHR_shader_expect_assume v1
	VK_KHR_shader_float_controls v4
	VK_KHR_shader_float_controls2 v1
	VK_KHR_shader_float16_int8 v1
	VK_KHR_shader_fma v1
	VK_KHR_shader_integer_dot_product v1
	VK_KHR_shader_maximal_reconvergence v1
	VK_KHR_shader_non_semantic_info v1
	VK_KHR_shader_quad_control v1
	VK_KHR_shader_relaxed_extended_instruction v1
	VK_KHR_shader_subgroup_extended_types v1
	VK_KHR_shader_subgroup_rotate v2
	VK_KHR_shader_subgroup_uniform_control_flow v1
	VK_KHR_shader_terminate_invocation v1
	VK_KHR_spirv_1_4 v1
	VK_KHR_storage_buffer_storage_class v1
	VK_KHR_surface v25
	VK_KHR_surface_maintenance1 v1
	VK_KHR_surface_protected_capabilities v1
	VK_KHR_swapchain v70
	VK_KHR_swapchain_maintenance1 v1
	VK_KHR_swapchain_mutable_format v1
	VK_KHR_synchronization2 v1
	VK_KHR_timeline_semaphore v2
	VK_KHR_uniform_buffer_standard_layout v1
	VK_KHR_variable_pointers v1
	VK_KHR_vertex_attribute_divisor v1
	VK_KHR_vulkan_memory_model v3
	VK_KHR_zero_initialize_workgroup_memory v1
	VK_EXT_4444_formats v1
	VK_EXT_buffer_device_address v2
	VK_EXT_calibrated_timestamps v2
	VK_EXT_debug_marker v4
	VK_EXT_debug_report v10
	VK_EXT_debug_utils v2
	VK_EXT_depth_clip_control v1
	VK_EXT_descriptor_indexing v2
	VK_EXT_extended_dynamic_state v1
	VK_EXT_extended_dynamic_state2 v1
	VK_EXT_extended_dynamic_state3 v2
	VK_EXT_external_memory_host v1
	VK_EXT_external_memory_metal v1
	VK_EXT_fragment_shader_interlock v1
	VK_EXT_global_priority v2
	VK_EXT_global_priority_query v1
	VK_EXT_hdr_metadata v3
	VK_EXT_headless_surface v1
	VK_EXT_host_image_copy v1
	VK_EXT_host_query_reset v1
	VK_EXT_image_2d_view_of_3d v1
	VK_EXT_image_robustness v1
	VK_EXT_index_type_uint8 v1
	VK_EXT_inline_uniform_block v1
	VK_EXT_layer_settings v2
	VK_EXT_legacy_dithering v2
	VK_EXT_line_rasterization v1
	VK_EXT_load_store_op_none v1
	VK_EXT_memory_budget v1
	VK_EXT_metal_objects v2
	VK_EXT_metal_surface v1
	VK_EXT_non_seamless_cube_map v1
	VK_EXT_pipeline_creation_cache_control v3
	VK_EXT_pipeline_creation_feedback v1
	VK_EXT_pipeline_robustness v1
	VK_EXT_post_depth_coverage v1
	VK_EXT_primitive_topology_list_restart v1
	VK_EXT_private_data v1
	VK_EXT_provoking_vertex v1
	VK_EXT_robustness2 v1
	VK_EXT_sample_locations v1
	VK_EXT_scalar_block_layout v1
	VK_EXT_separate_stencil_usage v1
	VK_EXT_shader_atomic_float v1
	VK_EXT_shader_demote_to_helper_invocation v1
	VK_EXT_shader_stencil_export v1
	VK_EXT_shader_subgroup_ballot v1
	VK_EXT_shader_subgroup_vote v1
	VK_EXT_shader_viewport_index_layer v1
	VK_EXT_subgroup_size_control v2
	VK_EXT_surface_maintenance1 v1
	VK_EXT_swapchain_colorspace v5
	VK_EXT_swapchain_maintenance1 v1
	VK_EXT_texel_buffer_alignment v1
	VK_EXT_texture_compression_astc_hdr v1
	VK_EXT_tooling_info v1
	VK_EXT_vertex_attribute_divisor v3
	VK_AMD_gpu_shader_half_float v2
	VK_AMD_negative_viewport_height v1
	VK_AMD_shader_image_load_store_lod v1
	VK_AMD_shader_trinary_minmax v1
	VK_GOOGLE_display_timing v1
	VK_IMG_format_pvrtc v1
	VK_INTEL_shader_integer_functions2 v1
	VK_MVK_macos_surface v3
	VK_MVK_moltenvk v37
	VK_NV_fragment_shader_barycentric v1
[mvk-info] GPU device:
	model: Intel(R) Iris(TM) Plus Graphics
	type: Integrated
	vendorID: 0x8086
	deviceID: 0x8a53
	pipelineCacheUUID: DB445FF2-1A06-0200-0000-000100000000
	GPU memory available: 1536 MB
	GPU memory used: 8 MB
	Metal Shading Language 3.2
	supports the following GPU Features:
		GPU Family Metal 3
		GPU Family Mac 2
		Read-Write Texture Tier 1
[mvk-info] Created VkInstance for Vulkan version 1.0.334, as requested by app, with the following 2 Vulkan extensions enabled:
	VK_KHR_external_memory_capabilities v1
	VK_KHR_get_physical_device_properties2 v2
00e0:fixme:ntdll:NtQuerySystemInformation info_class SYSTEM_PERFORMANCE_INFORMATION
00e0:fixme:d3d:resource_check_usage Unhandled usage flags 0x20.
013c:fixme:opengl:wow64_map_buffer Doing a copy of a mapped buffer (expect performance issues)
013c:fixme:d3d:state_linepattern_w Setting line patterns is not supported in OpenGL core contexts.
